---
source: crates/theoremc-macros/src/tests.rs
assertion_line: 126
expression: redact_hashes(&formatted)
---
#[allow(unexpected_cfgs, reason = "Kani sets cfg(kani) when compiling proof harnesses")]
mod __theoremc__file__theorems_snapshot__fd7e35d80da8 {
    const _: &str = include_str!(
        concat!(env!("CARGO_MANIFEST_DIR"), "/", "theorems/snapshot.theorem")
    );
    #[cfg(kani)]
    pub(super) mod kani {
        #[kani::proof]
        #[kani::unwind(1)]
        pub(crate) fn theorem__snapshot_thm__hXXXXXXXXXXXX() {}
    }
    #[cfg(kani)]
    const _: [fn(); 1] = [kani::theorem__snapshot_thm__hXXXXXXXXXXXX];
}
